running egg_info
creating ../../build/weston_sim_py/weston_sim_py.egg-info
writing ../../build/weston_sim_py/weston_sim_py.egg-info/PKG-INFO
writing dependency_links to ../../build/weston_sim_py/weston_sim_py.egg-info/dependency_links.txt
writing entry points to ../../build/weston_sim_py/weston_sim_py.egg-info/entry_points.txt
writing requirements to ../../build/weston_sim_py/weston_sim_py.egg-info/requires.txt
writing top-level names to ../../build/weston_sim_py/weston_sim_py.egg-info/top_level.txt
writing manifest file '../../build/weston_sim_py/weston_sim_py.egg-info/SOURCES.txt'
reading manifest file '../../build/weston_sim_py/weston_sim_py.egg-info/SOURCES.txt'
writing manifest file '../../build/weston_sim_py/weston_sim_py.egg-info/SOURCES.txt'
running build
running build_py
creating /home/tarshin/Weston_SLAM_ws/build/weston_sim_py/build
creating /home/tarshin/Weston_SLAM_ws/build/weston_sim_py/build/lib
creating /home/tarshin/Weston_SLAM_ws/build/weston_sim_py/build/lib/weston_sim_py
copying weston_sim_py/__init__.py -> /home/tarshin/Weston_SLAM_ws/build/weston_sim_py/build/lib/weston_sim_py
copying weston_sim_py/simulator.py -> /home/tarshin/Weston_SLAM_ws/build/weston_sim_py/build/lib/weston_sim_py
running install
running install_lib
creating /home/tarshin/Weston_SLAM_ws/install/weston_sim_py/lib/python3.10/site-packages/weston_sim_py
copying /home/tarshin/Weston_SLAM_ws/build/weston_sim_py/build/lib/weston_sim_py/__init__.py -> /home/tarshin/Weston_SLAM_ws/install/weston_sim_py/lib/python3.10/site-packages/weston_sim_py
copying /home/tarshin/Weston_SLAM_ws/build/weston_sim_py/build/lib/weston_sim_py/simulator.py -> /home/tarshin/Weston_SLAM_ws/install/weston_sim_py/lib/python3.10/site-packages/weston_sim_py
byte-compiling /home/tarshin/Weston_SLAM_ws/install/weston_sim_py/lib/python3.10/site-packages/weston_sim_py/__init__.py to __init__.cpython-310.pyc
byte-compiling /home/tarshin/Weston_SLAM_ws/install/weston_sim_py/lib/python3.10/site-packages/weston_sim_py/simulator.py to simulator.cpython-310.pyc
running install_data
creating /home/tarshin/Weston_SLAM_ws/install/weston_sim_py/share/ament_index
creating /home/tarshin/Weston_SLAM_ws/install/weston_sim_py/share/ament_index/resource_index
creating /home/tarshin/Weston_SLAM_ws/install/weston_sim_py/share/ament_index/resource_index/packages
copying resource/weston_sim_py -> /home/tarshin/Weston_SLAM_ws/install/weston_sim_py/share/ament_index/resource_index/packages
copying package.xml -> /home/tarshin/Weston_SLAM_ws/install/weston_sim_py/share/weston_sim_py
running install_egg_info
Copying ../../build/weston_sim_py/weston_sim_py.egg-info to /home/tarshin/Weston_SLAM_ws/install/weston_sim_py/lib/python3.10/site-packages/weston_sim_py-0.0.0-py3.10.egg-info
running install_scripts
Installing run_sim script to /home/tarshin/Weston_SLAM_ws/install/weston_sim_py/lib/weston_sim_py
writing list of installed files to '/home/tarshin/Weston_SLAM_ws/build/weston_sim_py/install.log'
